Using device: mps
Sampling 1000 networks across 1 chunks of 1000...

--- Processing Chunk 1/1 (1000 networks) ---
Epoch 0 - Avg Loss: 0.6027, Best Loss: 0.4490
Epoch 1 - Avg Loss: 0.5099, Best Loss: 0.2881
Epoch 2 - Avg Loss: 0.4314, Best Loss: 0.1907
Epoch 3 - Avg Loss: 0.3676, Best Loss: 0.1357
Epoch 4 - Avg Loss: 0.3161, Best Loss: 0.1025
Epoch 5 - Avg Loss: 0.2746, Best Loss: 0.0772
Epoch 6 - Avg Loss: 0.2413, Best Loss: 0.0624
Epoch 7 - Avg Loss: 0.2137, Best Loss: 0.0544
Epoch 8 - Avg Loss: 0.1912, Best Loss: 0.0500
Epoch 9 - Avg Loss: 0.1725, Best Loss: 0.0470
Epoch 10 - Avg Loss: 0.1565, Best Loss: 0.0449
Epoch 11 - Avg Loss: 0.1430, Best Loss: 0.0435
Epoch 12 - Avg Loss: 0.1318, Best Loss: 0.0427
Epoch 13 - Avg Loss: 0.1220, Best Loss: 0.0413
Epoch 14 - Avg Loss: 0.1136, Best Loss: 0.0401
Epoch 15 - Avg Loss: 0.1062, Best Loss: 0.0390
Epoch 16 - Avg Loss: 0.0997, Best Loss: 0.0380
Epoch 17 - Avg Loss: 0.0940, Best Loss: 0.0371
Epoch 18 - Avg Loss: 0.0891, Best Loss: 0.0363
Epoch 19 - Avg Loss: 0.0845, Best Loss: 0.0356
Epoch 20 - Avg Loss: 0.0805, Best Loss: 0.0351
Epoch 21 - Avg Loss: 0.0769, Best Loss: 0.0346
Epoch 22 - Avg Loss: 0.0736, Best Loss: 0.0342
Epoch 23 - Avg Loss: 0.0706, Best Loss: 0.0339
Epoch 24 - Avg Loss: 0.0680, Best Loss: 0.0336
Epoch 25 - Avg Loss: 0.0655, Best Loss: 0.0334
Epoch 26 - Avg Loss: 0.0633, Best Loss: 0.0331
Epoch 27 - Avg Loss: 0.0613, Best Loss: 0.0329
Epoch 28 - Avg Loss: 0.0594, Best Loss: 0.0327
Epoch 29 - Avg Loss: 0.0577, Best Loss: 0.0324
Epoch 30 - Avg Loss: 0.0561, Best Loss: 0.0322
Epoch 31 - Avg Loss: 0.0547, Best Loss: 0.0321
Epoch 32 - Avg Loss: 0.0533, Best Loss: 0.0319
Epoch 33 - Avg Loss: 0.0521, Best Loss: 0.0317
Epoch 34 - Avg Loss: 0.0509, Best Loss: 0.0316
Epoch 35 - Avg Loss: 0.0498, Best Loss: 0.0315
Epoch 36 - Avg Loss: 0.0488, Best Loss: 0.0313
Epoch 37 - Avg Loss: 0.0480, Best Loss: 0.0312
Epoch 38 - Avg Loss: 0.0471, Best Loss: 0.0311
Epoch 39 - Avg Loss: 0.0463, Best Loss: 0.0310
Epoch 40 - Avg Loss: 0.0455, Best Loss: 0.0309
Epoch 41 - Avg Loss: 0.0448, Best Loss: 0.0308
Epoch 42 - Avg Loss: 0.0442, Best Loss: 0.0307
Epoch 43 - Avg Loss: 0.0436, Best Loss: 0.0306
Epoch 44 - Avg Loss: 0.0430, Best Loss: 0.0304
Epoch 45 - Avg Loss: 0.0425, Best Loss: 0.0303
Epoch 46 - Avg Loss: 0.0420, Best Loss: 0.0304
Epoch 47 - Avg Loss: 0.0415, Best Loss: 0.0303
Epoch 48 - Avg Loss: 0.0410, Best Loss: 0.0303
Epoch 49 - Avg Loss: 0.0406, Best Loss: 0.0302
Epoch 50 - Avg Loss: 0.0401, Best Loss: 0.0301
Epoch 51 - Avg Loss: 0.0398, Best Loss: 0.0301
Epoch 52 - Avg Loss: 0.0394, Best Loss: 0.0300
Epoch 53 - Avg Loss: 0.0390, Best Loss: 0.0300
Epoch 54 - Avg Loss: 0.0387, Best Loss: 0.0299
Epoch 55 - Avg Loss: 0.0384, Best Loss: 0.0298
Epoch 56 - Avg Loss: 0.0381, Best Loss: 0.0297
Epoch 57 - Avg Loss: 0.0378, Best Loss: 0.0296
Epoch 58 - Avg Loss: 0.0375, Best Loss: 0.0295
Epoch 59 - Avg Loss: 0.0373, Best Loss: 0.0295
Epoch 60 - Avg Loss: 0.0371, Best Loss: 0.0293
Epoch 61 - Avg Loss: 0.0369, Best Loss: 0.0293
Epoch 62 - Avg Loss: 0.0366, Best Loss: 0.0296
Epoch 63 - Avg Loss: 0.0364, Best Loss: 0.0296
Epoch 64 - Avg Loss: 0.0362, Best Loss: 0.0296
Epoch 65 - Avg Loss: 0.0360, Best Loss: 0.0296
Epoch 66 - Avg Loss: 0.0359, Best Loss: 0.0292
Epoch 67 - Avg Loss: 0.0357, Best Loss: 0.0295
Epoch 68 - Avg Loss: 0.0355, Best Loss: 0.0290
Epoch 69 - Avg Loss: 0.0354, Best Loss: 0.0294
Epoch 70 - Avg Loss: 0.0352, Best Loss: 0.0293
Epoch 71 - Avg Loss: 0.0351, Best Loss: 0.0293
Epoch 72 - Avg Loss: 0.0349, Best Loss: 0.0292
Epoch 73 - Avg Loss: 0.0348, Best Loss: 0.0292
Epoch 74 - Avg Loss: 0.0347, Best Loss: 0.0291
Epoch 75 - Avg Loss: 0.0346, Best Loss: 0.0291
Epoch 76 - Avg Loss: 0.0346, Best Loss: 0.0290
Epoch 77 - Avg Loss: 0.0343, Best Loss: 0.0290
Epoch 78 - Avg Loss: 0.0342, Best Loss: 0.0290
Epoch 79 - Avg Loss: 0.0342, Best Loss: 0.0289
Epoch 80 - Avg Loss: 0.0340, Best Loss: 0.0289
Epoch 81 - Avg Loss: 0.0339, Best Loss: 0.0288
Epoch 82 - Avg Loss: 0.0338, Best Loss: 0.0288
Epoch 83 - Avg Loss: 0.0337, Best Loss: 0.0287
Epoch 84 - Avg Loss: 0.0336, Best Loss: 0.0287
Epoch 85 - Avg Loss: 0.0335, Best Loss: 0.0286
Epoch 86 - Avg Loss: 0.0334, Best Loss: 0.0286
Epoch 87 - Avg Loss: 0.0333, Best Loss: 0.0286
Epoch 88 - Avg Loss: 0.0333, Best Loss: 0.0285
Epoch 89 - Avg Loss: 0.0332, Best Loss: 0.0285
Epoch 90 - Avg Loss: 0.0331, Best Loss: 0.0285
Epoch 91 - Avg Loss: 0.0330, Best Loss: 0.0284
Epoch 92 - Avg Loss: 0.0330, Best Loss: 0.0284
Epoch 93 - Avg Loss: 0.0329, Best Loss: 0.0284
Epoch 94 - Avg Loss: 0.0329, Best Loss: 0.0283
Epoch 95 - Avg Loss: 0.0328, Best Loss: 0.0283
Epoch 96 - Avg Loss: 0.0327, Best Loss: 0.0283
Epoch 97 - Avg Loss: 0.0327, Best Loss: 0.0283
Epoch 98 - Avg Loss: 0.0326, Best Loss: 0.0282
Epoch 99 - Avg Loss: 0.0326, Best Loss: 0.0282
Epoch 100 - Avg Loss: 0.0325, Best Loss: 0.0282
Epoch 101 - Avg Loss: 0.0333, Best Loss: 0.0291
Epoch 102 - Avg Loss: 0.0330, Best Loss: 0.0290
Epoch 103 - Avg Loss: 0.0329, Best Loss: 0.0290
Epoch 104 - Avg Loss: 0.0329, Best Loss: 0.0289
Epoch 105 - Avg Loss: 0.0328, Best Loss: 0.0289
Epoch 106 - Avg Loss: 0.0328, Best Loss: 0.0289
Epoch 107 - Avg Loss: 0.0327, Best Loss: 0.0288
Epoch 108 - Avg Loss: 0.0327, Best Loss: 0.0288
Epoch 109 - Avg Loss: 0.0326, Best Loss: 0.0286
Epoch 110 - Avg Loss: 0.0325, Best Loss: 0.0287
Epoch 111 - Avg Loss: 0.0325, Best Loss: 0.0287
Epoch 112 - Avg Loss: 0.0324, Best Loss: 0.0285
Epoch 113 - Avg Loss: 0.0324, Best Loss: 0.0285
Epoch 114 - Avg Loss: 0.0323, Best Loss: 0.0286
Epoch 115 - Avg Loss: 0.0322, Best Loss: 0.0285
Epoch 116 - Avg Loss: 0.0322, Best Loss: 0.0282
Epoch 117 - Avg Loss: 0.0321, Best Loss: 0.0285
Epoch 118 - Avg Loss: 0.0321, Best Loss: 0.0284
Epoch 119 - Avg Loss: 0.0320, Best Loss: 0.0284
Epoch 120 - Avg Loss: 0.0321, Best Loss: 0.0284
Epoch 121 - Avg Loss: 0.0319, Best Loss: 0.0283
Epoch 122 - Avg Loss: 0.0319, Best Loss: 0.0283
Epoch 123 - Avg Loss: 0.0319, Best Loss: 0.0283
Epoch 124 - Avg Loss: 0.0318, Best Loss: 0.0283
Epoch 125 - Avg Loss: 0.0318, Best Loss: 0.0282
Epoch 126 - Avg Loss: 0.0317, Best Loss: 0.0282
Epoch 127 - Avg Loss: 0.0317, Best Loss: 0.0282
Epoch 128 - Avg Loss: 0.0316, Best Loss: 0.0281
Epoch 129 - Avg Loss: 0.0316, Best Loss: 0.0281
Epoch 130 - Avg Loss: 0.0315, Best Loss: 0.0281
Epoch 131 - Avg Loss: 0.0315, Best Loss: 0.0280
Epoch 132 - Avg Loss: 0.0315, Best Loss: 0.0280
Epoch 133 - Avg Loss: 0.0314, Best Loss: 0.0279
Epoch 134 - Avg Loss: 0.0314, Best Loss: 0.0279
Epoch 135 - Avg Loss: 0.0313, Best Loss: 0.0278
Epoch 136 - Avg Loss: 0.0313, Best Loss: 0.0277
Epoch 137 - Avg Loss: 0.0313, Best Loss: 0.0276
Epoch 138 - Avg Loss: 0.0313, Best Loss: 0.0275
Epoch 139 - Avg Loss: 0.0312, Best Loss: 0.0274
Epoch 140 - Avg Loss: 0.0312, Best Loss: 0.0273
Epoch 141 - Avg Loss: 0.0312, Best Loss: 0.0272
Epoch 142 - Avg Loss: 0.0312, Best Loss: 0.0276
Epoch 143 - Avg Loss: 0.0311, Best Loss: 0.0271
Epoch 144 - Avg Loss: 0.0311, Best Loss: 0.0275
Epoch 145 - Avg Loss: 0.0311, Best Loss: 0.0274
Epoch 146 - Avg Loss: 0.0311, Best Loss: 0.0274
Epoch 147 - Avg Loss: 0.0310, Best Loss: 0.0274
Epoch 148 - Avg Loss: 0.0310, Best Loss: 0.0274
Epoch 149 - Avg Loss: 0.0310, Best Loss: 0.0273
Epoch 150 - Avg Loss: 0.0309, Best Loss: 0.0273
Epoch 151 - Avg Loss: 0.0309, Best Loss: 0.0272
Epoch 152 - Avg Loss: 0.0309, Best Loss: 0.0272
Epoch 153 - Avg Loss: 0.0309, Best Loss: 0.0272
Epoch 154 - Avg Loss: 0.0309, Best Loss: 0.0271
Epoch 155 - Avg Loss: 0.0308, Best Loss: 0.0271
Epoch 156 - Avg Loss: 0.0308, Best Loss: 0.0271
Epoch 157 - Avg Loss: 0.0308, Best Loss: 0.0270
Epoch 158 - Avg Loss: 0.0308, Best Loss: 0.0270
Epoch 159 - Avg Loss: 0.0308, Best Loss: 0.0269
Epoch 160 - Avg Loss: 0.0307, Best Loss: 0.0269
Epoch 161 - Avg Loss: 0.0307, Best Loss: 0.0269
Epoch 162 - Avg Loss: 0.0307, Best Loss: 0.0268
Epoch 163 - Avg Loss: 0.0307, Best Loss: 0.0268
Epoch 164 - Avg Loss: 0.0306, Best Loss: 0.0268
Epoch 165 - Avg Loss: 0.0306, Best Loss: 0.0268
Epoch 166 - Avg Loss: 0.0307, Best Loss: 0.0267
Epoch 167 - Avg Loss: 0.0306, Best Loss: 0.0267
Epoch 168 - Avg Loss: 0.0306, Best Loss: 0.0266
Epoch 169 - Avg Loss: 0.0306, Best Loss: 0.0267
Epoch 170 - Avg Loss: 0.0306, Best Loss: 0.0266
Epoch 171 - Avg Loss: 0.0306, Best Loss: 0.0267
Epoch 172 - Avg Loss: 0.0306, Best Loss: 0.0266
Epoch 173 - Avg Loss: 0.0305, Best Loss: 0.0266
Epoch 174 - Avg Loss: 0.0305, Best Loss: 0.0265
Epoch 175 - Avg Loss: 0.0305, Best Loss: 0.0264
Epoch 176 - Avg Loss: 0.0305, Best Loss: 0.0264
Epoch 177 - Avg Loss: 0.0305, Best Loss: 0.0264
Epoch 178 - Avg Loss: 0.0305, Best Loss: 0.0265
Epoch 179 - Avg Loss: 0.0305, Best Loss: 0.0265
Epoch 180 - Avg Loss: 0.0305, Best Loss: 0.0267
Epoch 181 - Avg Loss: 0.0305, Best Loss: 0.0264
Epoch 182 - Avg Loss: 0.0305, Best Loss: 0.0263
Epoch 183 - Avg Loss: 0.0305, Best Loss: 0.0264
Epoch 184 - Avg Loss: 0.0304, Best Loss: 0.0263
Epoch 185 - Avg Loss: 0.0304, Best Loss: 0.0262
Epoch 186 - Avg Loss: 0.0304, Best Loss: 0.0263
Epoch 187 - Avg Loss: 0.0305, Best Loss: 0.0261
Epoch 188 - Avg Loss: 0.0303, Best Loss: 0.0262
Epoch 189 - Avg Loss: 0.0303, Best Loss: 0.0262
Epoch 190 - Avg Loss: 0.0303, Best Loss: 0.0261
Epoch 191 - Avg Loss: 0.0303, Best Loss: 0.0261
Epoch 192 - Avg Loss: 0.0303, Best Loss: 0.0260
Epoch 193 - Avg Loss: 0.0304, Best Loss: 0.0260
Epoch 194 - Avg Loss: 0.0303, Best Loss: 0.0260
Epoch 195 - Avg Loss: 0.0303, Best Loss: 0.0260
Epoch 196 - Avg Loss: 0.0303, Best Loss: 0.0259
Epoch 197 - Avg Loss: 0.0303, Best Loss: 0.0260
Epoch 198 - Avg Loss: 0.0303, Best Loss: 0.0260
Epoch 199 - Avg Loss: 0.0303, Best Loss: 0.0259
Epoch 200 - Avg Loss: 0.0303, Best Loss: 0.0258
Epoch 201 - Avg Loss: 0.0307, Best Loss: 0.0259
Epoch 202 - Avg Loss: 0.0306, Best Loss: 0.0258
Epoch 203 - Avg Loss: 0.0305, Best Loss: 0.0258
Epoch 204 - Avg Loss: 0.0305, Best Loss: 0.0258
Epoch 205 - Avg Loss: 0.0305, Best Loss: 0.0258
Epoch 206 - Avg Loss: 0.0305, Best Loss: 0.0257
Epoch 207 - Avg Loss: 0.0306, Best Loss: 0.0257
Epoch 208 - Avg Loss: 0.0306, Best Loss: 0.0257
Epoch 209 - Avg Loss: 0.0306, Best Loss: 0.0257
Epoch 210 - Avg Loss: 0.0306, Best Loss: 0.0257
Epoch 211 - Avg Loss: 0.0305, Best Loss: 0.0257
Epoch 212 - Avg Loss: 0.0305, Best Loss: 0.0259
Epoch 213 - Avg Loss: 0.0305, Best Loss: 0.0263
Epoch 214 - Avg Loss: 0.0305, Best Loss: 0.0263
Epoch 215 - Avg Loss: 0.0304, Best Loss: 0.0263
Epoch 216 - Avg Loss: 0.0304, Best Loss: 0.0262
Epoch 217 - Avg Loss: 0.0304, Best Loss: 0.0262
Epoch 218 - Avg Loss: 0.0303, Best Loss: 0.0259
Epoch 219 - Avg Loss: 0.0303, Best Loss: 0.0257
Epoch 220 - Avg Loss: 0.0303, Best Loss: 0.0257
Epoch 221 - Avg Loss: 0.0302, Best Loss: 0.0258
Epoch 222 - Avg Loss: 0.0302, Best Loss: 0.0256
Epoch 223 - Avg Loss: 0.0302, Best Loss: 0.0257
Epoch 224 - Avg Loss: 0.0302, Best Loss: 0.0256
Epoch 225 - Avg Loss: 0.0301, Best Loss: 0.0256
Epoch 226 - Avg Loss: 0.0301, Best Loss: 0.0256
Epoch 227 - Avg Loss: 0.0301, Best Loss: 0.0256
Epoch 228 - Avg Loss: 0.0301, Best Loss: 0.0255
Epoch 229 - Avg Loss: 0.0301, Best Loss: 0.0255
Epoch 230 - Avg Loss: 0.0300, Best Loss: 0.0254
Epoch 231 - Avg Loss: 0.0300, Best Loss: 0.0255
Epoch 232 - Avg Loss: 0.0300, Best Loss: 0.0254
Epoch 233 - Avg Loss: 0.0300, Best Loss: 0.0254
Epoch 234 - Avg Loss: 0.0299, Best Loss: 0.0253
Epoch 235 - Avg Loss: 0.0299, Best Loss: 0.0253
Epoch 236 - Avg Loss: 0.0299, Best Loss: 0.0253
Epoch 237 - Avg Loss: 0.0299, Best Loss: 0.0252
Epoch 238 - Avg Loss: 0.0299, Best Loss: 0.0253
Epoch 239 - Avg Loss: 0.0299, Best Loss: 0.0252
Epoch 240 - Avg Loss: 0.0298, Best Loss: 0.0252
Epoch 241 - Avg Loss: 0.0298, Best Loss: 0.0252
Epoch 242 - Avg Loss: 0.0298, Best Loss: 0.0252
Epoch 243 - Avg Loss: 0.0298, Best Loss: 0.0252
Epoch 244 - Avg Loss: 0.0298, Best Loss: 0.0252
Epoch 245 - Avg Loss: 0.0298, Best Loss: 0.0251
Epoch 246 - Avg Loss: 0.0298, Best Loss: 0.0250
Epoch 247 - Avg Loss: 0.0298, Best Loss: 0.0250
Epoch 248 - Avg Loss: 0.0298, Best Loss: 0.0250
Epoch 249 - Avg Loss: 0.0298, Best Loss: 0.0249
Epoch 250 - Avg Loss: 0.0298, Best Loss: 0.0249
Epoch 251 - Avg Loss: 0.0298, Best Loss: 0.0249
Epoch 252 - Avg Loss: 0.0298, Best Loss: 0.0248
Epoch 253 - Avg Loss: 0.0297, Best Loss: 0.0248
Epoch 254 - Avg Loss: 0.0297, Best Loss: 0.0248
Epoch 255 - Avg Loss: 0.0297, Best Loss: 0.0247
Epoch 256 - Avg Loss: 0.0297, Best Loss: 0.0247
Epoch 257 - Avg Loss: 0.0297, Best Loss: 0.0246
Epoch 258 - Avg Loss: 0.0297, Best Loss: 0.0247
Epoch 259 - Avg Loss: 0.0297, Best Loss: 0.0248
Epoch 260 - Avg Loss: 0.0297, Best Loss: 0.0253
Epoch 261 - Avg Loss: 0.0297, Best Loss: 0.0252
Epoch 262 - Avg Loss: 0.0297, Best Loss: 0.0252
Epoch 263 - Avg Loss: 0.0297, Best Loss: 0.0252
Epoch 264 - Avg Loss: 0.0297, Best Loss: 0.0251
Epoch 265 - Avg Loss: 0.0297, Best Loss: 0.0251
Epoch 266 - Avg Loss: 0.0297, Best Loss: 0.0250
Epoch 267 - Avg Loss: 0.0297, Best Loss: 0.0250
Epoch 268 - Avg Loss: 0.0297, Best Loss: 0.0250
Epoch 269 - Avg Loss: 0.0297, Best Loss: 0.0250
Epoch 270 - Avg Loss: 0.0297, Best Loss: 0.0249
Epoch 271 - Avg Loss: 0.0296, Best Loss: 0.0249
Epoch 272 - Avg Loss: 0.0297, Best Loss: 0.0249
Epoch 273 - Avg Loss: 0.0296, Best Loss: 0.0250
Epoch 274 - Avg Loss: 0.0296, Best Loss: 0.0257
Epoch 275 - Avg Loss: 0.0296, Best Loss: 0.0259
Epoch 276 - Avg Loss: 0.0297, Best Loss: 0.0256
Epoch 277 - Avg Loss: 0.0297, Best Loss: 0.0258
Epoch 278 - Avg Loss: 0.0297, Best Loss: 0.0256
Epoch 279 - Avg Loss: 0.0297, Best Loss: 0.0258
Epoch 280 - Avg Loss: 0.0297, Best Loss: 0.0257
Epoch 281 - Avg Loss: 0.0298, Best Loss: 0.0257
Epoch 282 - Avg Loss: 0.0298, Best Loss: 0.0257
Epoch 283 - Avg Loss: 0.0298, Best Loss: 0.0257
Epoch 284 - Avg Loss: 0.0298, Best Loss: 0.0257
Epoch 285 - Avg Loss: 0.0299, Best Loss: 0.0256
Epoch 286 - Avg Loss: 0.0298, Best Loss: 0.0256
Epoch 287 - Avg Loss: 0.0299, Best Loss: 0.0256
Epoch 288 - Avg Loss: 0.0298, Best Loss: 0.0256
Epoch 289 - Avg Loss: 0.0298, Best Loss: 0.0256
Epoch 290 - Avg Loss: 0.0298, Best Loss: 0.0255
Epoch 291 - Avg Loss: 0.0299, Best Loss: 0.0255
Epoch 292 - Avg Loss: 0.0298, Best Loss: 0.0254
Epoch 293 - Avg Loss: 0.0298, Best Loss: 0.0253
Epoch 294 - Avg Loss: 0.0299, Best Loss: 0.0253
Epoch 295 - Avg Loss: 0.0299, Best Loss: 0.0252
Epoch 296 - Avg Loss: 0.0299, Best Loss: 0.0252
Epoch 297 - Avg Loss: 0.0299, Best Loss: 0.0252
Epoch 298 - Avg Loss: 0.0299, Best Loss: 0.0250
Epoch 299 - Avg Loss: 0.0298, Best Loss: 0.0250
Epoch 300 - Avg Loss: 0.0298, Best Loss: 0.0250
Epoch 301 - Avg Loss: 0.0304, Best Loss: 0.0258
Epoch 302 - Avg Loss: 0.0303, Best Loss: 0.0258
Epoch 303 - Avg Loss: 0.0302, Best Loss: 0.0257
Epoch 304 - Avg Loss: 0.0302, Best Loss: 0.0257
Epoch 305 - Avg Loss: 0.0302, Best Loss: 0.0256
Epoch 306 - Avg Loss: 0.0301, Best Loss: 0.0256
Epoch 307 - Avg Loss: 0.0301, Best Loss: 0.0258
Epoch 308 - Avg Loss: 0.0301, Best Loss: 0.0259
Epoch 309 - Avg Loss: 0.0301, Best Loss: 0.0257
Epoch 310 - Avg Loss: 0.0300, Best Loss: 0.0256
Epoch 311 - Avg Loss: 0.0300, Best Loss: 0.0255
Epoch 312 - Avg Loss: 0.0300, Best Loss: 0.0255
Epoch 313 - Avg Loss: 0.0299, Best Loss: 0.0254
Epoch 314 - Avg Loss: 0.0299, Best Loss: 0.0254
Epoch 315 - Avg Loss: 0.0299, Best Loss: 0.0254
Epoch 316 - Avg Loss: 0.0298, Best Loss: 0.0253
Epoch 317 - Avg Loss: 0.0298, Best Loss: 0.0253
Epoch 318 - Avg Loss: 0.0298, Best Loss: 0.0252
Epoch 319 - Avg Loss: 0.0298, Best Loss: 0.0252
Epoch 320 - Avg Loss: 0.0298, Best Loss: 0.0252
Epoch 321 - Avg Loss: 0.0297, Best Loss: 0.0252
Epoch 322 - Avg Loss: 0.0297, Best Loss: 0.0251
Epoch 323 - Avg Loss: 0.0297, Best Loss: 0.0251
Epoch 324 - Avg Loss: 0.0297, Best Loss: 0.0251
Epoch 325 - Avg Loss: 0.0296, Best Loss: 0.0250
Epoch 326 - Avg Loss: 0.0296, Best Loss: 0.0250
Epoch 327 - Avg Loss: 0.0296, Best Loss: 0.0250
Epoch 328 - Avg Loss: 0.0295, Best Loss: 0.0249
Epoch 329 - Avg Loss: 0.0296, Best Loss: 0.0249
Epoch 330 - Avg Loss: 0.0295, Best Loss: 0.0249
Epoch 331 - Avg Loss: 0.0295, Best Loss: 0.0248
Epoch 332 - Avg Loss: 0.0295, Best Loss: 0.0248
Epoch 333 - Avg Loss: 0.0295, Best Loss: 0.0249
Epoch 334 - Avg Loss: 0.0294, Best Loss: 0.0254
Epoch 335 - Avg Loss: 0.0294, Best Loss: 0.0254
Epoch 336 - Avg Loss: 0.0294, Best Loss: 0.0254
Epoch 337 - Avg Loss: 0.0294, Best Loss: 0.0253
Epoch 338 - Avg Loss: 0.0294, Best Loss: 0.0254
Epoch 339 - Avg Loss: 0.0294, Best Loss: 0.0252
Epoch 340 - Avg Loss: 0.0294, Best Loss: 0.0253
Epoch 341 - Avg Loss: 0.0294, Best Loss: 0.0252
Epoch 342 - Avg Loss: 0.0294, Best Loss: 0.0252
Epoch 343 - Avg Loss: 0.0294, Best Loss: 0.0252
Epoch 344 - Avg Loss: 0.0294, Best Loss: 0.0251
Epoch 345 - Avg Loss: 0.0293, Best Loss: 0.0251
Epoch 346 - Avg Loss: 0.0293, Best Loss: 0.0250
Epoch 347 - Avg Loss: 0.0293, Best Loss: 0.0250
Epoch 348 - Avg Loss: 0.0293, Best Loss: 0.0250
Epoch 349 - Avg Loss: 0.0293, Best Loss: 0.0250
Epoch 350 - Avg Loss: 0.0293, Best Loss: 0.0249
Epoch 351 - Avg Loss: 0.0293, Best Loss: 0.0249
Epoch 352 - Avg Loss: 0.0293, Best Loss: 0.0249
Epoch 353 - Avg Loss: 0.0293, Best Loss: 0.0248
Epoch 354 - Avg Loss: 0.0293, Best Loss: 0.0248
Epoch 355 - Avg Loss: 0.0293, Best Loss: 0.0248
Epoch 356 - Avg Loss: 0.0293, Best Loss: 0.0249
Epoch 357 - Avg Loss: 0.0293, Best Loss: 0.0249
Epoch 358 - Avg Loss: 0.0292, Best Loss: 0.0249
Epoch 359 - Avg Loss: 0.0292, Best Loss: 0.0248
Epoch 360 - Avg Loss: 0.0292, Best Loss: 0.0248
Epoch 361 - Avg Loss: 0.0292, Best Loss: 0.0248
Epoch 362 - Avg Loss: 0.0292, Best Loss: 0.0247
Epoch 363 - Avg Loss: 0.0292, Best Loss: 0.0254
Epoch 364 - Avg Loss: 0.0292, Best Loss: 0.0254
Epoch 365 - Avg Loss: 0.0292, Best Loss: 0.0253
Epoch 366 - Avg Loss: 0.0292, Best Loss: 0.0254
Epoch 367 - Avg Loss: 0.0292, Best Loss: 0.0253
Epoch 368 - Avg Loss: 0.0292, Best Loss: 0.0253
Epoch 369 - Avg Loss: 0.0292, Best Loss: 0.0253
Epoch 370 - Avg Loss: 0.0292, Best Loss: 0.0250
Epoch 371 - Avg Loss: 0.0292, Best Loss: 0.0252
Epoch 372 - Avg Loss: 0.0291, Best Loss: 0.0252
Epoch 373 - Avg Loss: 0.0291, Best Loss: 0.0252
Epoch 374 - Avg Loss: 0.0291, Best Loss: 0.0251
Epoch 375 - Avg Loss: 0.0291, Best Loss: 0.0250
Epoch 376 - Avg Loss: 0.0291, Best Loss: 0.0250
Epoch 377 - Avg Loss: 0.0291, Best Loss: 0.0249
Epoch 378 - Avg Loss: 0.0291, Best Loss: 0.0248
Epoch 379 - Avg Loss: 0.0291, Best Loss: 0.0248
Epoch 380 - Avg Loss: 0.0290, Best Loss: 0.0247
Epoch 381 - Avg Loss: 0.0291, Best Loss: 0.0246
Epoch 382 - Avg Loss: 0.0290, Best Loss: 0.0246
Epoch 383 - Avg Loss: 0.0290, Best Loss: 0.0245
Epoch 384 - Avg Loss: 0.0290, Best Loss: 0.0245
Epoch 385 - Avg Loss: 0.0290, Best Loss: 0.0244
Epoch 386 - Avg Loss: 0.0290, Best Loss: 0.0243
Epoch 387 - Avg Loss: 0.0290, Best Loss: 0.0243
Epoch 388 - Avg Loss: 0.0290, Best Loss: 0.0242
Epoch 389 - Avg Loss: 0.0290, Best Loss: 0.0242
Epoch 390 - Avg Loss: 0.0290, Best Loss: 0.0241
Epoch 391 - Avg Loss: 0.0291, Best Loss: 0.0241
Epoch 392 - Avg Loss: 0.0291, Best Loss: 0.0240
Epoch 393 - Avg Loss: 0.0291, Best Loss: 0.0240
Epoch 394 - Avg Loss: 0.0291, Best Loss: 0.0240
Epoch 395 - Avg Loss: 0.0290, Best Loss: 0.0239
Epoch 396 - Avg Loss: 0.0290, Best Loss: 0.0239
Epoch 397 - Avg Loss: 0.0291, Best Loss: 0.0239
Epoch 398 - Avg Loss: 0.0290, Best Loss: 0.0238
Epoch 399 - Avg Loss: 0.0290, Best Loss: 0.0238
Epoch 400 - Avg Loss: 0.0291, Best Loss: 0.0238
Epoch 401 - Avg Loss: 0.0296, Best Loss: 0.0239
Epoch 402 - Avg Loss: 0.0296, Best Loss: 0.0243
Epoch 403 - Avg Loss: 0.0294, Best Loss: 0.0244
Epoch 404 - Avg Loss: 0.0294, Best Loss: 0.0243
Epoch 405 - Avg Loss: 0.0294, Best Loss: 0.0242
Epoch 406 - Avg Loss: 0.0294, Best Loss: 0.0241
Epoch 407 - Avg Loss: 0.0294, Best Loss: 0.0241
Epoch 408 - Avg Loss: 0.0293, Best Loss: 0.0241
Epoch 409 - Avg Loss: 0.0293, Best Loss: 0.0240
Epoch 410 - Avg Loss: 0.0293, Best Loss: 0.0240
Epoch 411 - Avg Loss: 0.0292, Best Loss: 0.0239
Epoch 412 - Avg Loss: 0.0292, Best Loss: 0.0240
Epoch 413 - Avg Loss: 0.0292, Best Loss: 0.0238
Epoch 414 - Avg Loss: 0.0292, Best Loss: 0.0239
Epoch 415 - Avg Loss: 0.0292, Best Loss: 0.0239
Epoch 416 - Avg Loss: 0.0292, Best Loss: 0.0239
Epoch 417 - Avg Loss: 0.0291, Best Loss: 0.0238
Epoch 418 - Avg Loss: 0.0291, Best Loss: 0.0237
Epoch 419 - Avg Loss: 0.0291, Best Loss: 0.0239
Epoch 420 - Avg Loss: 0.0291, Best Loss: 0.0237
Epoch 421 - Avg Loss: 0.0290, Best Loss: 0.0237
Epoch 422 - Avg Loss: 0.0290, Best Loss: 0.0237
Epoch 423 - Avg Loss: 0.0290, Best Loss: 0.0236
Epoch 424 - Avg Loss: 0.0290, Best Loss: 0.0235
Epoch 425 - Avg Loss: 0.0290, Best Loss: 0.0235
Epoch 426 - Avg Loss: 0.0290, Best Loss: 0.0236
Epoch 427 - Avg Loss: 0.0290, Best Loss: 0.0237
Epoch 428 - Avg Loss: 0.0291, Best Loss: 0.0236
Epoch 429 - Avg Loss: 0.0290, Best Loss: 0.0235
Epoch 430 - Avg Loss: 0.0290, Best Loss: 0.0235
Epoch 431 - Avg Loss: 0.0290, Best Loss: 0.0235
Epoch 432 - Avg Loss: 0.0289, Best Loss: 0.0234
Epoch 433 - Avg Loss: 0.0289, Best Loss: 0.0234
Epoch 434 - Avg Loss: 0.0289, Best Loss: 0.0233
Epoch 435 - Avg Loss: 0.0289, Best Loss: 0.0234
Epoch 436 - Avg Loss: 0.0290, Best Loss: 0.0233
Epoch 437 - Avg Loss: 0.0289, Best Loss: 0.0233
Epoch 438 - Avg Loss: 0.0289, Best Loss: 0.0234
Epoch 439 - Avg Loss: 0.0289, Best Loss: 0.0235
Epoch 440 - Avg Loss: 0.0289, Best Loss: 0.0236
Epoch 441 - Avg Loss: 0.0289, Best Loss: 0.0233
Epoch 442 - Avg Loss: 0.0289, Best Loss: 0.0233
Epoch 443 - Avg Loss: 0.0289, Best Loss: 0.0235
Epoch 444 - Avg Loss: 0.0289, Best Loss: 0.0232
Epoch 445 - Avg Loss: 0.0289, Best Loss: 0.0233
Epoch 446 - Avg Loss: 0.0289, Best Loss: 0.0234
Epoch 447 - Avg Loss: 0.0289, Best Loss: 0.0232
Epoch 448 - Avg Loss: 0.0289, Best Loss: 0.0233
Epoch 449 - Avg Loss: 0.0289, Best Loss: 0.0232
Epoch 450 - Avg Loss: 0.0289, Best Loss: 0.0232
Epoch 451 - Avg Loss: 0.0288, Best Loss: 0.0231
Epoch 452 - Avg Loss: 0.0289, Best Loss: 0.0231
Epoch 453 - Avg Loss: 0.0289, Best Loss: 0.0231
Epoch 454 - Avg Loss: 0.0288, Best Loss: 0.0230
Epoch 455 - Avg Loss: 0.0288, Best Loss: 0.0230
Epoch 456 - Avg Loss: 0.0288, Best Loss: 0.0231
Epoch 457 - Avg Loss: 0.0288, Best Loss: 0.0229
Epoch 458 - Avg Loss: 0.0288, Best Loss: 0.0229
Epoch 459 - Avg Loss: 0.0288, Best Loss: 0.0230
Epoch 460 - Avg Loss: 0.0288, Best Loss: 0.0229
Epoch 461 - Avg Loss: 0.0287, Best Loss: 0.0229
Epoch 462 - Avg Loss: 0.0287, Best Loss: 0.0228
Epoch 463 - Avg Loss: 0.0287, Best Loss: 0.0228
Epoch 464 - Avg Loss: 0.0287, Best Loss: 0.0228
Epoch 465 - Avg Loss: 0.0287, Best Loss: 0.0229
Epoch 466 - Avg Loss: 0.0287, Best Loss: 0.0232
Epoch 467 - Avg Loss: 0.0287, Best Loss: 0.0235
Epoch 468 - Avg Loss: 0.0287, Best Loss: 0.0236
Epoch 469 - Avg Loss: 0.0288, Best Loss: 0.0233
Epoch 470 - Avg Loss: 0.0288, Best Loss: 0.0236
Epoch 471 - Avg Loss: 0.0288, Best Loss: 0.0231
Epoch 472 - Avg Loss: 0.0288, Best Loss: 0.0234
Epoch 473 - Avg Loss: 0.0288, Best Loss: 0.0235
Epoch 474 - Avg Loss: 0.0287, Best Loss: 0.0234
Epoch 475 - Avg Loss: 0.0287, Best Loss: 0.0232
Epoch 476 - Avg Loss: 0.0288, Best Loss: 0.0234
Epoch 477 - Avg Loss: 0.0287, Best Loss: 0.0234
Epoch 478 - Avg Loss: 0.0287, Best Loss: 0.0231
Epoch 479 - Avg Loss: 0.0287, Best Loss: 0.0231
Epoch 480 - Avg Loss: 0.0287, Best Loss: 0.0231
Epoch 481 - Avg Loss: 0.0287, Best Loss: 0.0230
Epoch 482 - Avg Loss: 0.0287, Best Loss: 0.0230
Epoch 483 - Avg Loss: 0.0287, Best Loss: 0.0230
Epoch 484 - Avg Loss: 0.0287, Best Loss: 0.0229
Epoch 485 - Avg Loss: 0.0287, Best Loss: 0.0228
Epoch 486 - Avg Loss: 0.0289, Best Loss: 0.0228
Epoch 487 - Avg Loss: 0.0288, Best Loss: 0.0228
Epoch 488 - Avg Loss: 0.0287, Best Loss: 0.0228
Epoch 489 - Avg Loss: 0.0288, Best Loss: 0.0227
Epoch 490 - Avg Loss: 0.0288, Best Loss: 0.0228
Epoch 491 - Avg Loss: 0.0288, Best Loss: 0.0227
Epoch 492 - Avg Loss: 0.0288, Best Loss: 0.0226
Epoch 493 - Avg Loss: 0.0288, Best Loss: 0.0227
Epoch 494 - Avg Loss: 0.0288, Best Loss: 0.0226
Epoch 495 - Avg Loss: 0.0288, Best Loss: 0.0226
Epoch 496 - Avg Loss: 0.0288, Best Loss: 0.0226
Epoch 497 - Avg Loss: 0.0288, Best Loss: 0.0225
Epoch 498 - Avg Loss: 0.0288, Best Loss: 0.0225
Epoch 499 - Avg Loss: 0.0288, Best Loss: 0.0226

=== Global Top 20 Networks ===
Rank 1: Loss = 0.0225
Rank 2: Loss = 0.0239
Rank 3: Loss = 0.0241
Rank 4: Loss = 0.0242
Rank 5: Loss = 0.0244
Rank 6: Loss = 0.0245
Rank 7: Loss = 0.0246
Rank 8: Loss = 0.0248
Rank 9: Loss = 0.0249
Rank 10: Loss = 0.0249
Rank 11: Loss = 0.0249
Rank 12: Loss = 0.0249
Rank 13: Loss = 0.0251
Rank 14: Loss = 0.0252
Rank 15: Loss = 0.0252
Rank 16: Loss = 0.0252
Rank 17: Loss = 0.0253
Rank 18: Loss = 0.0253
Rank 19: Loss = 0.0253
Rank 20: Loss = 0.0254
Saved to rnn_top20.json
